<!DOCTYPE html>
<html lang="en">
<head>
    <meta charset="UTF-8">
    <title>Golden</title>
    <link rel="stylesheet" href="css/style.css">
    <link href='https://fonts.googleapis.com/css?family=Droid+Serif:400italic,400|Montserrat:400,700' rel='stylesheet' type='text/css'>
    <link href='https://fonts.googleapis.com/css?family=Roboto+Slab' rel='stylesheet' type='text/css'>
    <link rel="stylesheet" href="css/animate.css">   
</head>
<body>
    <div class="b-header">
            <div class="b-header__menu">
                <a href="#" class="b-header__link"><img src="img/header-logo.png" alt=""></a>
                <nav>
                    <a href="#">Home</a>
                    <a href="#">Services</a>
                    <a href="#">Portfolio</a>
                    <a href="#">About</a>
                    <a href="#">Contact</a>
                </nav>
            </div>
            
            <div class="top-banner wow rubberBand">
                <h3>Welcome To Our Studio!</h3>
                <h2>Itâ€™s nice to Meet you</h2>
                <a href="#" class="btn">tell me more</a>
            </div>
    </div>
    
    <div class="b-services">
        
        <div class="heading_of_b wow rotateInUpRight" data-wow-delay="0.8s">
            <h2>Services</h2>
            <p>Proin iaculis purus consequat sem cure. </p>
        </div>
        
        <div class="b-services-item wow bounceIn" date-wow-duration="1s" data-wow-delay="1s">
            <div class="b-services-item__img"></div>
            <h4>E-Commerce</h4>
            <p>Proin iaculis purus consequat sem cure 
digni ssim. Donec porttitora entum suscipit 
aenean rhoncus posuere odio in tincidunt.</p>
        </div>
        
        <div class="b-services-item wow bounceIn" date-wow-duration="1s" data-wow-delay="1.2s">
            <div class="b-services-item__img"></div>
            <h4>Responsive Web</h4>
            <p>Proin iaculis purus consequat sem cure 
digni ssim. Donec porttitora entum suscipit 
aenean rhoncus posuere odio in tincidunt.</p>
        </div>
        
        <div class="b-services-item wow bounceIn" date-wow-duration="1s" data-wow-delay="1.4s">
            <div class="b-services-item__img"></div>
            <h4>Web Security</h4>
            <p>Proin iaculis purus consequat sem cure 
digni ssim. Donec porttitora entum suscipit 
aenean rhoncus posuere odio in tincidunt.</p>
        </div>
    </div>
    
    <div class="portfolio">
         
        <div class="heading-of-p wow rotateInUpRight">
             <h2>Our portfolio</h2>
             <p>Proin iaculis purus consequat sem cure. </p>
        </div>
        
        <div class="centrovka">
            <div class="portfolio-item wow rollIn" data-wow-delay="0.8s">
                <a href="#"><img src="img/work_1.jpg" alt=""></a>
                <h4>Ebony & Ivory</h4>
                <p>Branding</p>
            </div>
            
            <div class="portfolio-item wow rollIn" data-wow-delay="1s">
                <a href="#"><img src="img/work_2.jpg" alt=""></a>
                <h4>Smart Stationary</h4>
                <p>Print Design</p>
            </div>
            
            <div class="portfolio-item wow rollIn" data-wow-delay="1.2s">
                <a href="#"><img src="img/work_3.jpg" alt=""></a>
                <h4>Clever Poster</h4>
                <p>Print Design</p>
            </div>
            
            <div class="portfolio-item wow rollIn" data-wow-delay="1.4s">
                <a href="#"><img src="img/work_4.jpg" alt=""></a>
                <h4>Vinyl Record</h4>
                <p>Product Mock-Up</p>
            </div>
            
            <div class="portfolio-item wow rollIn" data-wow-delay="1.6s">
                <a href="#"><img src="img/work_5.jpg" alt=""></a>
                <h4>Treehouse Template</h4>
                <p>Web Design</p>
            </div>
            
            <div class="portfolio-item wow rollIn" data-wow-delay="1.8s">
                <a href="#"><img src="img/work_6.jpg" alt=""></a>
                <h4>Burned Logo</h4>
                <p>Branding</p>
            </div>
        </div>
    
    </div>
    
    <div class="b-about">
        
        <div class="heading-of-a wow rotateInUpRight">
            <h2>About Us</h2>
            <p>Proin iaculis purus consequat sem cure. </p>
        </div> 
        
        <div class="about-item">
            <div class="about-contant-left wow rotateInDownLeft"  data-wow-delay="1.6s">
                <h3 class="big">July 2010</h3>
                <h3>Our Humble Beginnings</h3>
                <p>Proin iaculis purus consequat sem cure digni ssim. Donec porttitora entum suscipit aenean rhoncus posuere odio in tincidunt. Proin iaculis purus consequat sem cure digni ssim. Donec porttitora entum suscipit.</p>
            </div>    
            <div class="about-contant-right"></div>
            <div class="about-img"><img src="img/about_1.jpg" alt=""></div>
        </div>
        
        <div class="poloska"></div>
        
        <div class="about-item">
            <div class="about-contant-left"></div>    
            <div class="about-contant-right  wow rotateInDownRight"  data-wow-delay="1.6s">
                <h3 class="big">January 2011</h3>
                <h3>Facing Startup Battles</h3>
                <p>Proin iaculis purus consequat sem cure digni ssim. Donec porttitora entum suscipit aenean rhoncus posuere odio in tincidunt. Proin iaculis purus consequat sem cure digni ssim. Donec porttitora entum suscipit.</p>
            </div>
            <div class="about-img"><img src="img/about_2.jpg" alt=""></div>
        </div>
        
        <div class="poloska"></div>
        
        <div class="about-item">
            <div class="about-contant-left wow rotateInDownLeft"  data-wow-delay="1.6s">
                    <h3 class="big">December 2012</h3>
                    <h3>Enter The Dark Days</h3>
                    <p>Proin iaculis purus consequat sem cure digni ssim. Donec porttitora entum suscipit aenean rhoncus posuere odio in tincidunt. Proin iaculis purus consequat sem cure digni ssim. Donec porttitora entum suscipit.</p>
            </div>    
            <div class="about-contant-right"></div>
            <div class="about-img"><img src="img/about_3.jpg" alt=""></div>
        </div>
        
        <div class="poloska"></div>
        
        <div class="about-item">
            <div class="about-contant-left"></div>    
            <div class="about-contant-right wow rotateInDownRight"  data-wow-delay="1.6s">
                <h3 class="big">February 2014</h3>
                <h3>Our Triumph</h3>
                <p>Proin iaculis purus consequat sem cure digni ssim. Donec porttitora entum suscipit aenean rhoncus posuere odio in tincidunt. Proin iaculis purus consequat sem cure digni ssim. Donec porttitora entum suscipit.</p>
            </div>
            <div class="about-img"><img src="img/about_4.jpg" alt=""></div>
        </div>
        
        <div class="poloska"></div>
        
        <div class="about-item">
            <div class="about-contant-left"></div>    
            <div class="about-contant-right"></div>
            <div class="about-continues">
                <a href="#">our<br>story<br> continues<br>...</a>
            </div>
        </div>
    </div>
    
    <div class="team">
        <div class="header-of-t wow rotateInUpRight">
            <h2>Our Amazing Team</h2>
             <p>Proin iaculis purus consequat sem cure. </p>
        </div>
        
        
        <div class="team-center">
            <div class="team-item wow wobble" data-wow-delay="0.8s">
                <div class="team-photo">
                    <img src="img/team_1.jpg" alt="">
                </div>
                <div class="team-contant">
                    <h4>Kimberly Thompson</h4>
                    <p>Marketer</p>
                    <a href="#" class="twitter"></a>
                    <a href="#" class="facebook"></a>
                    <a href="#" class="painted"></a>
                </div>
            </div>

            <div class="team-item  wow wobble" data-wow-delay="1s">
                <div class="team-photo">
                    <img src="img/team_2.jpg" alt="">
                </div>
                <div class="team-contant">
                    <h4>Rico Massimo</h4>
                    <p>Coder</p>
                    <a href="#" class="twitter"></a>
                    <a href="#" class="facebook"></a>
                    <a href="#" class="google"></a>
                </div>
            </div>

            <div class="team-item  wow wobble" data-wow-delay="1.2s">
                <div class="team-photo">
                    <img src="img/team_3.jpg" alt="">
                </div>
                <div class="team-contant">
                    <h4>Uku Mason</h4>
                    <p>Graphic Designer</p>
                    <a href="#" class="facebook"></a>
                    <a href="#" class="painted"></a>
                </div>
            </div>
        </div>
        
        <div class="quoter">
            <p>Proin iaculis purus consequat sem cure  digni ssim donec porttitora entum suscipit  
aenean rhoncus posuere odio in tincidunt proin iaculis.</p>
        </div>
    </div>
    
    <div class="bottom-logos">
        <a href="#"><img src="img/bottom_1.jpg" alt=""></a>
        <a href="#"><img src="img/bottom_2.jpg" alt=""></a>
        <a href="#"><img src="img/bottom_3.jpg" alt=""></a>
        <a href="#"><img src="img/bottom_4.jpg" alt=""></a>
    </div>
    
    <div class="contacts-us">
        <div class="contant-us-c wow rotateInUpRight">
           <div class="map"></div>
            
            <div class="header-of-contacts">
                <h2>Contacts Us</h2>
            <p>Proin iaculis purus consequat sem cure. </p>
            </div>
            
            <div class="contacts-form">
                <form class="left">
                    <input type="text" name="first-name" class="width-of-i" placeholder="your Name *"><br>
                    <input type="email" name="email" class="width-of-i" placeholder="your e-mail *"><br>
                    <input type="text" name="subject"  class="width-of-i" placeholder="subject"><br>
                </form>
                
                <form class="right">
                    <textarea class="contant-messege" placeholder="Your message *"></textarea>
                </form>
            </div>
            <a href="#" class="btn-center">Send Massege</a>
        </div>
    </div>
    
    <div class="copyrights">
        <p>&copy; Copyright 2014 FreebiesXpress.com</p>
        <a href="" class="twitter_b"></a>
        <a href="" class="facebook_b"></a>
        <a href="" class="painted_b"></a>
        <a href="" class="google_b"></a>
    </div>

<!--JavaScript-->
<script src="js/wow.min.js"></script>
<script src="js/main.js"></script>

</body>
</html>